<style>
  .pbNORMAL_TEXT {
    line-height: 1.7249999;
  }
</style>
<p>
  While working on
  <a
    style="text-decoration: underline; color: rgb(6.666667%, 33.333336%, 80%)"
    href="https://mailway.app/"
    >mailway.app</a
  >
  I experimented with routing emails based on
  <a
    style="text-decoration: underline; color: rgb(6.666667%, 33.333336%, 80%)"
    href="https://en.wikipedia.org/wiki/Server_Name_Indication"
    >SNI</a
  >.
</p>
<p>Let’s imagine a common email setup:</p>
<ul>
  <li>sauleau.com has a MX record that points to mx.sauleau.com.</li>
  <li>mx.sauleau.com has an A record that points to an email server’s IP.</li>
</ul>
<p>
  When someone sends an email to hello@sauleau.com, it needs to resolve the
  <a
    style="text-decoration: underline; color: rgb(6.666667%, 33.333336%, 80%)"
    href="https://en.wikipedia.org/wiki/MX_record"
    >MX record</a
  >
  and the A record to find the corresponding email server.
</p>
<p>
  Traditionally, mx.sauleau.com would run on its dedicated email server and
  listen on port 25. To run a secure email server we have a TLS certificate
  stored on the server issued specifically for mx.sauleau.com.
</p>
<p>
  The certificate is presented to anyone connecting to the IP and asking for a
  secure connection. Which implies that it’s not related to the hostname we used
  to resolve the IP (A record), more importantly, most clients will abort if the
  TLS certificate doesn’t match the hostname it attempted to connect to.
</p>
<p>
  To address this issue we could use
  <a
    style="text-decoration: underline; color: rgb(6.666667%, 33.333336%, 80%)"
    href="https://en.wikipedia.org/wiki/Server_Name_Indication"
    >SNI</a
  >
  since it appears earlier in the SMTP communication with the email server and
  allows to select a TLS certificate to present to the client, which would use
  the right hostname. However, not all email clients support sending the
  <a
    style="text-decoration: underline; color: rgb(6.666667%, 33.333336%, 80%)"
    href="https://en.wikipedia.org/wiki/Server_Name_Indication"
    >SNI</a
  >.
</p>
<h2 id="pb-Email%20providers%20support">Email providers support</h2>
<table>
  <tr>
    <td>
      <span style="text-align: center; margin-left: auto; margin-right: auto"
        >Name</span
      >
    </td>
    <td>
      <span style="text-align: center; margin-left: auto; margin-right: auto"
        >Supports SNI?</span
      >
    </td>
  </tr>
  <tr>
    <td>
      <a
        style="
          text-decoration: underline;
          color: rgb(6.666667%, 33.333336%, 80%);
        "
        href="https://gmail.com/"
        >Gmail</a
      >
    </td>
    <td>yes</td>
  </tr>
  <tr>
    <td>
      <a
        style="
          text-decoration: underline;
          color: rgb(6.666667%, 33.333336%, 80%);
        "
        href="https://mail.yahoo.com/"
        >Yahoo</a
      >
    </td>
    <td>no</td>
  </tr>
  <tr>
    <td>
      <a
        style="
          text-decoration: underline;
          color: rgb(6.666667%, 33.333336%, 80%);
        "
        href="https://mail.aol.com/"
        >AOL</a
      >
    </td>
    <td>no</td>
  </tr>
  <tr>
    <td>
      <a
        style="
          text-decoration: underline;
          color: rgb(6.666667%, 33.333336%, 80%);
        "
        href="https://protonmail.com/"
        >ProtonMail</a
      >
    </td>
    <td>no</td>
  </tr>
  <tr>
    <td>
      <a
        style="
          text-decoration: underline;
          color: rgb(6.666667%, 33.333336%, 80%);
        "
        href="https://outlook.live.com/"
        >Outlook</a
      >
    </td>
    <td>yes</td>
  </tr>
  <tr>
    <td>
      <a
        style="
          text-decoration: underline;
          color: rgb(6.666667%, 33.333336%, 80%);
        "
        href="https://www.mailgun.com/"
        >Mailgun</a
      >
    </td>
    <td>yes</td>
  </tr>
  <tr>
    <td>
      Golang’s
      <a
        style="
          text-decoration: underline;
          color: rgb(6.666667%, 33.333336%, 80%);
        "
        href="https://golang.org/pkg/net/smtp/"
        >net/smtp</a
      >
    </td>
    <td>yes</td>
  </tr>
</table>
<p>
  This list is far from exhaustive, feel free to reach out if you want to try a
  specific email provider.
</p>
