<style>
  .pbNORMAL_TEXT {
    line-height: 1.7249999;
  }
</style>
<h1
  style="text-align: center; margin-left: auto; margin-right: auto"
  id="pb-Turn%20any%20document"
>
  Turn any document
</h1>
<h1
  style="text-align: center; margin-left: auto; margin-right: auto"
  id="pb-into%20a%20website"
>
  into a website
</h1>
<h3
  id="pb-Publish%20Bot%20allows%20you%20to%20turn%20any%20document%20into%20a%20website."
>
  Publish Bot allows you to turn any document into a website.
</h3>
<p>
  This is a demo. <span style="color: rgb(100%, 0%, 0%)">M</span
  ><span style="color: rgb(100%, 60.000004%, 0%)">o</span
  ><span style="color: rgb(60.000004%, 0%, 100%)">s</span
  ><span style="color: rgb(15.294118%, 30.588236%, 7.4509807%)">t</span> of the
  Google Docs <span style="font-style: italic">features</span> are
  <span style="font-weight: bold">supported</span> üòÄ.
</p>
<p>And code blocks:</p>
<pre><code class="language-js"><codeblock-js>console.log(‚Äúcode example‚Äù)
</codeblock-js></code></pre>
<style>
  script[visible],
  style[visible],
  pre {
    display: block;
    white-space: pre;
    border: 1px solid #dedede;
    padding: 1em;
    background: #fafafa;
    overflow-x: auto;
    border-left: 0.4em solid cornflowerblue;
    tab-size: 2;
    color: #1a1a1a;
    line-height: 1.6;
  }

  code:not(pre code), /* output:not(code:has(output) output) */ {
    background: #f7f7f7;
    border: 1px solid rgb(0 0 0 / 0.2);
    padding: 0.1rem 0.3rem;
    margin: 0.1rem 0;
    border-radius: 0.2rem;
    display: inline-block;
  }
</style>
<p>
  <img
    style="text-align: center; margin-left: auto; margin-right: auto"
    src="ed9dc5e3980bcdbcb51a29458192ca155592e122affef1bf7bf11e9e7012bce3"
    height="67"
    width="66"
  />
</p>
<p>
  See the source Google Docs:
  <a
    style="text-decoration: underline; color: rgb(6.666667%, 33.333336%, 80%)"
    href="https://docs.google.com/document/d/1nSn4UBI-xo0tE5PwJOq7Dp3TgLlhT7b-dM3rK2xcHsk/edit?usp=sharing"
    >https://docs.google.com/document/d/1nSn4UBI-xo0tE5PwJOq7Dp3TgLlhT7b-dM3rK2xcHsk/edit?usp=sharing</a
  >
</p>
