<style>
  .pb-h1 {
    padding-left: 0px;
  }
  .pb-h2 {
    padding-left: 40px;
  }
  .pb-h3 {
    padding-left: 80px;
  }
  .pb-h4 {
    padding-left: 180px;
  }
</style>
<div class="pb-h1"><a href="#pb-Heading%201">Heading 1</a></div>
<div class="pb-h2"><a href="#pb-Heading%202">Heading 2</a></div>
<div class="pb-h1"><a href="#pb-Heading%201%20-%202">Heading 1 - 2</a></div>
<div class="pb-h2"><a href="#pb-Heading%202%20-%202">Heading 2 - 2</a></div>
<div class="pb-h3"><a href="#pb-Heading%203%20-%202">Heading 3 - 2</a></div>
<div class="pb-h3"><a href="#pb-Heading%203">Heading 3</a></div>
<div class="pb-h4"><a href="#pb-Heading%204">Heading 4</a></div>
<div class="pb-h1"><a href="#pb-Heading%201%20two">Heading 1 two</a></div>
<div class="pb-h1"><a href="#pb-lines">lines</a></div>
