<style>
  .pbNORMAL_TEXT {
    line-height: 1.7249999;
  }
</style>
<h1 id="pb-Title">Title</h1>
<p>subtitle</p>
<h2 id="pb-Heading%201">Heading 1</h2>
<h3 id="pb-Heading%202">Heading 2</h3>
<h2 id="pb-Heading%201%20-%202">Heading 1 - 2</h2>
<h3 id="pb-Heading%202%20-%202">Heading 2 - 2</h3>
<h4 id="pb-Heading%203%20-%202">Heading 3 - 2</h4>
<h4 id="pb-Heading%203">Heading 3</h4>
<h5 id="pb-Heading%204">Heading 4</h5>
<h2 id="pb-Heading%201%20two">Heading 1 two</h2>
<h2 id="pb-lines">lines</h2>
