<style>
  .pbNORMAL_TEXT {
    line-height: 1.7249999;
  }
</style>
<p>Middle:</p>
<p>
  <img
    style="text-align: center; margin-left: auto; margin-right: auto"
    src="https://test.com/i/c0b01de66a16cbbf4e1d43883e4f66fd26bd1015b6bebf37364742f7a9de7440"
    height="83"
    width="82"
  />
</p>
<p>Right:</p>
<p>
  <img
    style="text-align: right"
    src="https://test.com/i/c0b01de66a16cbbf4e1d43883e4f66fd26bd1015b6bebf37364742f7a9de7440"
    height="83"
    width="82"
  />
</p>
<p>Left:</p>
<p>
  <img
    src="https://test.com/i/c0b01de66a16cbbf4e1d43883e4f66fd26bd1015b6bebf37364742f7a9de7440"
    height="83"
    width="82"
  />
</p>
<p>Small:</p>
<p>
  <img
    src="https://test.com/i/c0b01de66a16cbbf4e1d43883e4f66fd26bd1015b6bebf37364742f7a9de7440"
    height="24"
    width="24"
  />
</p>
<p>cropped:</p>
<p>
  <img
    src="https://test.com/i/c0b01de66a16cbbf4e1d43883e4f66fd26bd1015b6bebf37364742f7a9de7440"
    height="45"
    width="36"
  />
</p>
