<style>
  .pbNORMAL_TEXT {
    line-height: 1.7249999;
  }
</style>
<p><a href="mailto:Sven.sauleau@gmail.com">Sven Sauleau</a></p>
<p>
  <a
    style="text-decoration: underline; color: rgb(6.666667%, 33.333336%, 80%)"
    href="http://cloudflare.com"
    >cloudflare.com</a
  >.
</p>
