<style>
  .pbNORMAL_TEXT {
    line-height: 1.7249999;
  }
</style>
<ul>
  <li>A</li>
  <li>B</li>
  <li>C</li>
  <li>D</li>
  <li>E</li>
  <li>F</li>
</ul>
<ul>
  <li>A</li>
  <li>B</li>
  <li>C</li>
  <li>D</li>
  <li>E</li>
  <li>F</li>
</ul>
<ul>
  <li>A</li>
  <li>B</li>
  <li>C</li>
  <li>D</li>
  <li>E</li>
  <li>F</li>
</ul>
<ul>
  <li>A</li>
  <li>B</li>
  <li>C</li>
  <li>D</li>
  <li>E</li>
  <li>F</li>
</ul>
<ul>
  <li>a</li>
  <li>b</li>
  <li>C</li>
</ul>
<p>Learn more about:</p>
<ul>
  <li>
    <a
      style="text-decoration: underline; color: rgb(6.666667%, 33.333336%, 80%)"
      href="https://docs.publish-bot.com/edge-side-includes"
      >Integrate using Edge Side Includes (ESI)</a
    >
  </li>
  <li>
    <a
      style="text-decoration: underline; color: rgb(6.666667%, 33.333336%, 80%)"
      href="https://docs.publish-bot.com/display-a-table-of-contents"
      >Display a Table of Contents</a
    >
  </li>
  <li>
    <a
      style="text-decoration: underline; color: rgb(6.666667%, 33.333336%, 80%)"
      href="https://docs.publish-bot.com/direct-url"
      >Direct URL</a
    >
  </li>
</ul>
