<style>
  .pbNORMAL_TEXT {
    line-height: 1.7249999;
  }
</style>
<p>Test 1</p>
<p>This is my doc.</p>
