<style>
  .pbNORMAL_TEXT {
    line-height: 1.7249999;
  }
</style>
<h3 id="pb-Politique%20de%20gestion%20des%20donn%C3%A9es%20personnelles">
  Politique de gestion des données personnelles
</h3>
<p>
  <span style="font-weight: bold">[Nom de l'entreprise/organisation]</span>
  s'engage à protéger la vie privée de ses utilisateurs et à traiter leurs
  données personnelles dans le respect des lois et réglementations en vigueur,
  notamment le Règlement Général sur la Protection des Données (RGPD).
</p>
<p><span style="font-weight: bold">1. Données collectées</span></p>
<p>Nous collectons les données suivantes :</p>
<ul>
  <li>
    <span style="font-weight: bold">Données d'identification :</span>
    nom, prénom, adresse email, numéro de téléphone, etc.
  </li>
  <li>
    <span style="font-weight: bold">Données de connexion :</span>
    adresse IP, type de navigateur, système d'exploitation, etc.
  </li>
  <li>
    <span style="font-weight: bold">Données de navigation :</span>
    pages visitées, liens cliqués, durée de la visite, etc.
  </li>
  <li>
    <span style="font-weight: bold">Données relatives aux transactions :</span>
    historique des achats, informations de paiement, etc. (si applicable)
  </li>
  <li>
    <span style="font-weight: bold"
      >Toute autre donnée que vous nous fournissez volontairement.</span
    >
  </li>
</ul>
<p><span style="font-weight: bold">2. Finalités du traitement</span></p>
<p>Vos données sont collectées et traitées pour les finalités suivantes :</p>
<ul>
  <li>
    <span style="font-weight: bold">Fournir et améliorer nos services :</span>
    répondre à vos demandes, personnaliser votre expérience, etc.
  </li>
  <li>
    <span style="font-weight: bold">Gérer votre compte utilisateur :</span>
    créer et gérer votre compte, traiter vos commandes, etc. (si applicable)
  </li>
  <li>
    <span style="font-weight: bold">Vous contacter :</span>
    répondre à vos questions, vous envoyer des informations importantes, etc.
  </li>
  <li>
    <span style="font-weight: bold"
      >Analyser l'utilisation de nos services :</span
    >
    améliorer nos services, développer de nouvelles fonctionnalités, etc.
  </li>
  <li>
    <span style="font-weight: bold"
      >Respecter nos obligations légales et réglementaires.</span
    >
  </li>
</ul>
<p><span style="font-weight: bold">3. Base légale du traitement</span></p>
<p>Le traitement de vos données repose sur les bases légales suivantes :</p>
<ul>
  <li>
    <span style="font-weight: bold">Votre consentement :</span>
    pour certaines opérations de traitement, nous vous demanderons votre
    consentement explicite.
  </li>
  <li>
    <span style="font-weight: bold">L'exécution d'un contrat :</span>
    pour traiter vos commandes et gérer votre compte utilisateur (si
    applicable).
  </li>
  <li>
    <span style="font-weight: bold">Le respect d'une obligation légale :</span>
    pour répondre à nos obligations légales et réglementaires.
  </li>
  <li>
    <span style="font-weight: bold">Notre intérêt légitime :</span>
    pour améliorer nos services et vous proposer des offres pertinentes.
  </li>
</ul>
<p><span style="font-weight: bold">4. Destinataires des données</span></p>
<p>Vos données peuvent être transmises aux destinataires suivants :</p>
<ul>
  <li>
    <span style="font-weight: bold">Nos employés et sous-traitants :</span>
    uniquement dans la mesure nécessaire à l'accomplissement de leurs tâches.
  </li>
  <li>
    <span style="font-weight: bold">Nos partenaires commerciaux :</span>
    avec votre consentement préalable.
  </li>
  <li>
    <span style="font-weight: bold">Les autorités compétentes :</span>
    en cas d'obligation légale.
  </li>
</ul>
<p><span style="font-weight: bold">5. Durée de conservation</span></p>
<p>
  Vos données sont conservées pendant la durée nécessaire à la réalisation des
  finalités pour lesquelles elles ont été collectées, et en tout état de cause
  dans le respect des délais légaux de conservation.
</p>
<p><span style="font-weight: bold">6. Sécurité des données</span></p>
<p>
  Nous mettons en œuvre des mesures techniques et organisationnelles appropriées
  pour garantir la sécurité de vos données et prévenir tout accès non autorisé,
  toute modification, divulgation ou destruction.
</p>
<p><span style="font-weight: bold">7. Vos droits</span></p>
<p>Vous disposez des droits suivants concernant vos données personnelles :</p>
<ul>
  <li>
    <span style="font-weight: bold">Droit d'accès :</span>
    vous pouvez accéder aux données que nous détenons sur vous.
  </li>
  <li>
    <span style="font-weight: bold">Droit de rectification :</span>
    vous pouvez demander la correction des données inexactes ou incomplètes.
  </li>
  <li>
    <span style="font-weight: bold">Droit à l'effacement :</span>
    vous pouvez demander la suppression de vos données dans certaines
    circonstances.
  </li>
  <li>
    <span style="font-weight: bold">Droit à la limitation du traitement :</span>
    vous pouvez demander la limitation du traitement de vos données dans
    certaines circonstances.
  </li>
  <li>
    <span style="font-weight: bold">Droit à la portabilité des données :</span>
    vous pouvez recevoir vos données dans un format portable.
  </li>
  <li>
    <span style="font-weight: bold">Droit d'opposition :</span>
    vous pouvez vous opposer au traitement de vos données dans certaines
    circonstances.
  </li>
</ul>
<p>
  Pour exercer vos droits, vous pouvez nous contacter à l'adresse email suivante
  : <span style="font-weight: bold">[adresse email]</span>.
</p>
<p><span style="font-weight: bold">8. Cookies</span></p>
<p>
  Nous utilisons des cookies pour améliorer votre expérience sur notre site web.
  Vous pouvez configurer votre navigateur pour refuser les cookies, mais cela
  pourrait affecter certaines fonctionnalités du site.
</p>
<p><span style="font-weight: bold">9. Modifications de la politique</span></p>
<p>
  Nous nous réservons le droit de modifier cette politique de gestion des
  données personnelles à tout moment. Les modifications seront publiées sur
  notre site web.
</p>
<p><span style="font-weight: bold">10. Contact</span></p>
<p>
  Pour toute question relative à cette politique, vous pouvez nous contacter à
  l'adresse email suivante :
  <span style="font-weight: bold">[adresse email]</span>.
</p>
<p><span style="font-weight: bold">[Date de la dernière mise à jour]</span></p>
