<style>
  .pbNORMAL_TEXT {
    line-height: 1.7249999;
  }
</style>
<p><span style="color: rgb(100%, 0%, 0%)">Red</span></p>
<p><span style="color: rgb(0%, 100%, 0%)">Green</span></p>
<p><span style="color: rgb(29.01961%, 52.549023%, 90.98039%)">Blue</span></p>
<p>
  <span
    style="color: rgb(100%, 100%, 100%); background-color: rgb(100%, 0%, 0%)"
    >Red</span
  >
</p>
<p>
  <span
    style="color: rgb(100%, 100%, 100%); background-color: rgb(0%, 100%, 0%)"
    >Green</span
  >
</p>
<p>
  <span
    style="
      color: rgb(100%, 100%, 100%);
      background-color: rgb(29.01961%, 52.549023%, 90.98039%);
    "
    >Blue</span
  >
</p>
<p><span style="text-decoration: underline">Underlined</span></p>
<p><span style="font-weight: bold">Bold</span></p>
<p>
  <span style="text-decoration: underline; font-weight: bold"
    >Bold+Underlined</span
  >
</p>
<p><span style="font-style: italic">Italic</span></p>
<p>
  <span style="font-size: 30pt">Big </span
  ><span style="font-size: 8pt">small</span>
</p>
